
> 16lab-frontend@0.1.0 dev
> vite --host 0.0.0.0 --host 127.0.0.1


  [32m[1mVITE[22m v6.4.2[39m  [2mready in [0m[1m422[22m[2m[0m ms[22m

  [32m➜[39m  [1mLocal[22m:   [36mhttp://127.0.0.1:[1m5173[22m/[39m
[2m16:46:54[22m [36m[1m[vite][22m[39m [90m[2m(client)[22m[39m [32mhmr update [39m[2m/src/views/LoginView.vue?vue&type=style&index=0&scoped=45f5edd7&lang.css[22m
[2m16:47:45[22m [36m[1m[vite][22m[39m [90m[2m(client)[22m[39m [32mhmr update [39m[2m/src/views/LoginView.vue?vue&type=style&index=0&scoped=45f5edd7&lang.css[22m
[2m16:56:02[22m [36m[1m[vite][22m[39m [90m[2m(client)[22m[39m [32mhmr update [39m[2m/src/views/LoginView.vue?vue&type=style&index=0&scoped=45f5edd7&lang.css[22m
[2m17:00:14[22m [36m[1m[vite][22m[39m [90m[2m(client)[22m[39m [32mhmr update [39m[2m/src/views/LoginView.vue?vue&type=style&index=0&scoped=45f5edd7&lang.css[22m
[2m17:09:15[22m [36m[1m[vite][22m[39m [90m[2m(client)[22m[39m [32mhmr update [39m[2m/src/views/LoginView.vue?vue&type=style&index=0&scoped=45f5edd7&lang.css[22m
[2m17:16:36[22m [36m[1m[vite][22m[39m [90m[2m(client)[22m[39m [32mhmr update [39m[2m/src/views/LoginView.vue?vue&type=style&index=0&scoped=45f5edd7&lang.css[22m
[2m17:19:11[22m [36m[1m[vite][22m[39m [90m[2m(client)[22m[39m [32mhmr update [39m[2m/src/styles/main.css[22m
[2m17:19:11[22m [36m[1m[vite][22m[39m [90m[2m(client)[22m[39m [32mhmr update [39m[2m/src/layouts/MainLayout.vue[22m
[2m17:19:11[22m [36m[1m[vite][22m[39m [90m[2m(client)[22m[39m [32mhmr update [39m[2m/src/views/HomeView.vue[22m
[2m17:21:06[22m [36m[1m[vite][22m[39m [90m[2m(client)[22m[39m [32mpage reload [39m[2msrc/router/index.js[22m
[2m17:21:30[22m [36m[1m[vite][22m[39m [90m[2m(client)[22m[39m [32mhmr update [39m[2m/src/layouts/MainLayout.vue[22m
[2m17:21:30[22m [36m[1m[vite][22m[39m [90m[2m(client)[22m[39m [32mhmr update [39m[2m/src/views/HomeView.vue[22m
[2m17:22:35[22m [36m[1m[vite][22m[39m [90m[2m(client)[22m[39m [32mhmr update [39m[2m/src/layouts/MainLayout.vue[22m
[2m17:22:35[22m [36m[1m[vite][22m[39m [90m[2m(client)[22m[39m [32mhmr update [39m[2m/src/views/HomeView.vue[22m
[2m17:26:00[22m [36m[1m[vite][22m[39m [90m[2m(client)[22m[39m [32mhmr update [39m[2m/src/views/LoginView.vue?vue&type=style&index=0&scoped=45f5edd7&lang.css[22m
[2m17:31:31[22m [36m[1m[vite][22m[39m [90m[2m(client)[22m[39m [32mhmr update [39m[2m/src/views/HomeView.vue[22m
[2m17:32:00[22m [36m[1m[vite][22m[39m [90m[2m(client)[22m[39m [32mhmr update [39m[2m/src/views/SearchView.vue?vue&type=style&index=0&scoped=61d5b3d3&lang.css[22m
[2m17:35:26[22m [36m[1m[vite][22m[39m [90m[2m(client)[22m[39m [32mhmr update [39m[2m/src/views/HomeView.vue[22m
[2m17:36:25[22m [36m[1m[vite][22m[39m [90m[2m(client)[22m[39m [32mhmr update [39m[2m/src/styles/main.css[22m
[2m17:37:34[22m [36m[1m[vite][22m[39m [90m[2m(client)[22m[39m [32mhmr update [39m[2m/src/styles/main.css[22m
[2m17:51:55[22m [36m[1m[vite][22m[39m [90m[2m(client)[22m[39m [32mhmr update [39m[2m/src/layouts/MainLayout.vue[22m
[2m17:54:53[22m [36m[1m[vite][22m[39m [90m[2m(client)[22m[39m [32mhmr update [39m[2m/src/styles/main.css[22m
[2m20:03:33[22m [36m[1m[vite][22m[39m [90m[2m(client)[22m[39m [32mhmr update [39m[2m/src/views/HomeView.vue[22m
[2m20:29:12[22m [36m[1m[vite][22m[39m [90m[2m(client)[22m[39m [32mhmr update [39m[2m/src/views/LoginView.vue?vue&type=style&index=0&scoped=45f5edd7&lang.css[22m
[2m20:32:35[22m [36m[1m[vite][22m[39m [90m[2m(client)[22m[39m [32mhmr update [39m[2m/src/views/LoginView.vue?vue&type=style&index=0&scoped=45f5edd7&lang.css[22m
[2m20:33:51[22m [36m[1m[vite][22m[39m [90m[2m(client)[22m[39m [32mhmr update [39m[2m/src/layouts/MainLayout.vue[22m
[2m20:43:15[22m [36m[1m[vite][22m[39m [90m[2m(client)[22m[39m [32mhmr update [39m[2m/src/views/CommunityView.vue[22m
[2m20:43:15[22m [36m[1m[vite][22m[39m [90m[2m(client)[22m[39m [32mhmr update [39m[2m/src/views/CommunityView.vue[22m
[2m20:43:16[22m [36m[1m[vite][22m[39m [90m[2m(client)[22m[39m [32mhmr update [39m[2m/src/layouts/MainLayout.vue[22m
[2m20:45:11[22m [36m[1m[vite][22m[39m [90m[2m(client)[22m[39m [32mhmr update [39m[2m/src/views/CommunityView.vue, /src/views/CommunityView.vue?vue&type=style&index=0&scoped=16c7b4b4&lang.css[22m
[2m20:46:31[22m [36m[1m[vite][22m[39m [90m[2m(client)[22m[39m [32mhmr update [39m[2m/src/views/HomeView.vue[22m
[2m20:46:31[22m [36m[1m[vite][22m[39m [90m[2m(client)[22m[39m [32mhmr update [39m[2m/src/views/HomeView.vue[22m
[2m20:47:41[22m [36m[1m[vite][22m[39m [90m[2m(client)[22m[39m [32mhmr update [39m[2m/src/layouts/MainLayout.vue[22m
[2m20:47:41[22m [36m[1m[vite][22m[39m [90m[2m(client)[22m[39m [32mhmr update [39m[2m/src/layouts/MainLayout.vue[22m
[2m20:48:09[22m [36m[1m[vite][22m[39m [90m[2m(client)[22m[39m [32mhmr update [39m[2m/src/styles/main.css[22m
[2m20:48:37[22m [36m[1m[vite][22m[39m [90m[2m(client)[22m[39m [32mpage reload [39m[2msrc/router/index.js[22m
[2m20:54:34[22m [36m[1m[vite][22m[39m [90m[2m(client)[22m[39m [32mhmr update [39m[2m/src/views/LoginView.vue[22m
[2m20:56:09[22m [36m[1m[vite][22m[39m [90m[2m(client)[22m[39m [32mhmr update [39m[2m/src/views/LoginView.vue[22m
[2m20:56:35[22m [36m[1m[vite][22m[39m [90m[2m(client)[22m[39m [32mhmr update [39m[2m/src/views/LoginView.vue[22m
[2m20:59:56[22m [36m[1m[vite][22m[39m [90m[2m(client)[22m[39m [32mhmr update [39m[2m/src/views/SearchView.vue[22m
[2m21:49:41[22m [36m[1m[vite][22m[39m [90m[2m(client)[22m[39m [32mpage reload [39m[2msrc/router/index.js[22m
[2m22:02:54[22m [36m[1m[vite][22m[39m [90m[2m(client)[22m[39m [32mhmr update [39m[2m/src/views/HomeView.vue, /src/views/HomeView.vue?vue&type=style&index=0&scoped=b4e148ca&lang.css[22m
[2m22:02:54[22m [36m[1m[vite][22m[39m [90m[2m(client)[22m[39m [32mhmr update [39m[2m/src/views/FeedHomeView.vue, /src/views/FeedHomeView.vue?vue&type=style&index=0&scoped=49f0f395&lang.css[22m
[2m22:03:59[22m [36m[1m[vite][22m[39m [90m[2m(client)[22m[39m [32mpage reload [39m[2msrc/router/index.js[22m
[2m22:08:41[22m [36m[1m[vite][22m[39m [90m[2m(client)[22m[39m [32mhmr update [39m[2m/src/views/HomeView.vue[22m
